------------------------------------------------------------
TimeQuest Timing Analyzer Summary
------------------------------------------------------------

Type  : Slow 1100mV 85C Model Setup 'clk_vga'
Slack : -14.009
TNS   : -337.202

Type  : Slow 1100mV 85C Model Setup 'CLOCK_50'
Slack : -4.249
TNS   : -1707.599

Type  : Slow 1100mV 85C Model Setup 'clk_dram'
Slack : -3.294
TNS   : -115.571

Type  : Slow 1100mV 85C Model Setup 'CPEN391_Computer:u0|CPEN391_Computer_ARM_A9_HPS:arm_a9_hps|CPEN391_Computer_ARM_A9_HPS_hps_io:hps_io|CPEN391_Computer_ARM_A9_HPS_hps_io_border:border|hps_sdram:hps_sdram_inst|hps_sdram_pll:pll|afi_clk_write_clk'
Slack : 1.730
TNS   : 0.000

Type  : Slow 1100mV 85C Model Setup 'u0|system_pll|sys_pll|altera_pll_i|general[0].gpll~PLL_OUTPUT_COUNTER|divclk'
Slack : 6.562
TNS   : 0.000

Type  : Slow 1100mV 85C Model Setup 'altera_reserved_tck'
Slack : 10.332
TNS   : 0.000

Type  : Slow 1100mV 85C Model Setup 'GraphicsController1|inst12|vga_clock_gen_inst|altera_pll_i|general[0].gpll~PLL_OUTPUT_COUNTER|divclk'
Slack : 23.647
TNS   : 0.000

Type  : Slow 1100mV 85C Model Hold 'u0|system_pll|sys_pll|altera_pll_i|general[0].gpll~PLL_OUTPUT_COUNTER|divclk'
Slack : -3.679
TNS   : -57.250

Type  : Slow 1100mV 85C Model Hold 'CPEN391_Computer:u0|CPEN391_Computer_ARM_A9_HPS:arm_a9_hps|CPEN391_Computer_ARM_A9_HPS_hps_io:hps_io|CPEN391_Computer_ARM_A9_HPS_hps_io_border:border|hps_sdram:hps_sdram_inst|hps_sdram_pll:pll|afi_clk_write_clk'
Slack : 0.143
TNS   : 0.000

Type  : Slow 1100mV 85C Model Hold 'CLOCK_50'
Slack : 0.151
TNS   : 0.000

Type  : Slow 1100mV 85C Model Hold 'altera_reserved_tck'
Slack : 0.248
TNS   : 0.000

Type  : Slow 1100mV 85C Model Hold 'GraphicsController1|inst12|vga_clock_gen_inst|altera_pll_i|general[0].gpll~PLL_OUTPUT_COUNTER|divclk'
Slack : 0.383
TNS   : 0.000

Type  : Slow 1100mV 85C Model Hold 'clk_vga'
Slack : 8.719
TNS   : 0.000

Type  : Slow 1100mV 85C Model Hold 'clk_dram'
Slack : 9.027
TNS   : 0.000

Type  : Slow 1100mV 85C Model Recovery 'CPEN391_Computer:u0|CPEN391_Computer_ARM_A9_HPS:arm_a9_hps|CPEN391_Computer_ARM_A9_HPS_hps_io:hps_io|CPEN391_Computer_ARM_A9_HPS_hps_io_border:border|hps_sdram:hps_sdram_inst|hps_sdram_pll:pll|afi_clk_write_clk'
Slack : 3.375
TNS   : 0.000

Type  : Slow 1100mV 85C Model Recovery 'u0|system_pll|sys_pll|altera_pll_i|general[0].gpll~PLL_OUTPUT_COUNTER|divclk'
Slack : 9.897
TNS   : 0.000

Type  : Slow 1100mV 85C Model Recovery 'altera_reserved_tck'
Slack : 14.012
TNS   : 0.000

Type  : Slow 1100mV 85C Model Removal 'CPEN391_Computer:u0|CPEN391_Computer_ARM_A9_HPS:arm_a9_hps|CPEN391_Computer_ARM_A9_HPS_hps_io:hps_io|CPEN391_Computer_ARM_A9_HPS_hps_io_border:border|hps_sdram:hps_sdram_inst|hps_sdram_pll:pll|afi_clk_write_clk'
Slack : 0.470
TNS   : 0.000

Type  : Slow 1100mV 85C Model Removal 'altera_reserved_tck'
Slack : 0.600
TNS   : 0.000

Type  : Slow 1100mV 85C Model Removal 'u0|system_pll|sys_pll|altera_pll_i|general[0].gpll~PLL_OUTPUT_COUNTER|divclk'
Slack : 0.796
TNS   : 0.000

Type  : Slow 1100mV 85C Model Minimum Pulse Width 'CPEN391_Computer:u0|CPEN391_Computer_ARM_A9_HPS:arm_a9_hps|CPEN391_Computer_ARM_A9_HPS_hps_io:hps_io|CPEN391_Computer_ARM_A9_HPS_hps_io_border:border|hps_sdram:hps_sdram_inst|hps_sdram_pll:pll|pll_write_clk_dq_write_clk'
Slack : 0.608
TNS   : 0.000

Type  : Slow 1100mV 85C Model Minimum Pulse Width 'CPEN391_Computer:u0|CPEN391_Computer_ARM_A9_HPS:arm_a9_hps|CPEN391_Computer_ARM_A9_HPS_hps_io:hps_io|CPEN391_Computer_ARM_A9_HPS_hps_io_border:border|hps_sdram:hps_sdram_inst|hps_sdram_pll:pll|afi_clk_write_clk'
Slack : 0.623
TNS   : 0.000

Type  : Slow 1100mV 85C Model Minimum Pulse Width 'u0|system_pll|sys_pll|altera_pll_i|general[0].gpll~FRACTIONAL_PLL|vcoph[0]'
Slack : 1.000
TNS   : 0.000

Type  : Slow 1100mV 85C Model Minimum Pulse Width 'GraphicsController1|inst12|vga_clock_gen_inst|altera_pll_i|general[0].gpll~FRACTIONAL_PLL|vcoph[0]'
Slack : 1.666
TNS   : 0.000

Type  : Slow 1100mV 85C Model Minimum Pulse Width 'u0|system_pll|sys_pll|altera_pll_i|general[0].gpll~PLL_OUTPUT_COUNTER|divclk'
Slack : 8.778
TNS   : 0.000

Type  : Slow 1100mV 85C Model Minimum Pulse Width 'CLOCK_50'
Slack : 8.867
TNS   : 0.000

Type  : Slow 1100mV 85C Model Minimum Pulse Width 'u0|system_pll|sys_pll|altera_pll_i|general[1].gpll~PLL_OUTPUT_COUNTER|divclk'
Slack : 9.854
TNS   : 0.000

Type  : Slow 1100mV 85C Model Minimum Pulse Width 'altera_reserved_tck'
Slack : 15.488
TNS   : 0.000

Type  : Slow 1100mV 85C Model Minimum Pulse Width 'GraphicsController1|inst12|vga_clock_gen_inst|altera_pll_i|general[0].gpll~PLL_OUTPUT_COUNTER|divclk'
Slack : 15.859
TNS   : 0.000

Type  : Slow 1100mV 0C Model Setup 'clk_vga'
Slack : -13.505
TNS   : -326.995

Type  : Slow 1100mV 0C Model Setup 'CLOCK_50'
Slack : -4.115
TNS   : -929.072

Type  : Slow 1100mV 0C Model Setup 'clk_dram'
Slack : -3.057
TNS   : -106.883

Type  : Slow 1100mV 0C Model Setup 'CPEN391_Computer:u0|CPEN391_Computer_ARM_A9_HPS:arm_a9_hps|CPEN391_Computer_ARM_A9_HPS_hps_io:hps_io|CPEN391_Computer_ARM_A9_HPS_hps_io_border:border|hps_sdram:hps_sdram_inst|hps_sdram_pll:pll|afi_clk_write_clk'
Slack : 1.727
TNS   : 0.000

Type  : Slow 1100mV 0C Model Setup 'u0|system_pll|sys_pll|altera_pll_i|general[0].gpll~PLL_OUTPUT_COUNTER|divclk'
Slack : 6.825
TNS   : 0.000

Type  : Slow 1100mV 0C Model Setup 'altera_reserved_tck'
Slack : 10.607
TNS   : 0.000

Type  : Slow 1100mV 0C Model Setup 'GraphicsController1|inst12|vga_clock_gen_inst|altera_pll_i|general[0].gpll~PLL_OUTPUT_COUNTER|divclk'
Slack : 24.017
TNS   : 0.000

Type  : Slow 1100mV 0C Model Hold 'u0|system_pll|sys_pll|altera_pll_i|general[0].gpll~PLL_OUTPUT_COUNTER|divclk'
Slack : -3.982
TNS   : -62.095

Type  : Slow 1100mV 0C Model Hold 'CLOCK_50'
Slack : 0.123
TNS   : 0.000

Type  : Slow 1100mV 0C Model Hold 'CPEN391_Computer:u0|CPEN391_Computer_ARM_A9_HPS:arm_a9_hps|CPEN391_Computer_ARM_A9_HPS_hps_io:hps_io|CPEN391_Computer_ARM_A9_HPS_hps_io_border:border|hps_sdram:hps_sdram_inst|hps_sdram_pll:pll|afi_clk_write_clk'
Slack : 0.162
TNS   : 0.000

Type  : Slow 1100mV 0C Model Hold 'altera_reserved_tck'
Slack : 0.225
TNS   : 0.000

Type  : Slow 1100mV 0C Model Hold 'GraphicsController1|inst12|vga_clock_gen_inst|altera_pll_i|general[0].gpll~PLL_OUTPUT_COUNTER|divclk'
Slack : 0.403
TNS   : 0.000

Type  : Slow 1100mV 0C Model Hold 'clk_vga'
Slack : 8.500
TNS   : 0.000

Type  : Slow 1100mV 0C Model Hold 'clk_dram'
Slack : 8.879
TNS   : 0.000

Type  : Slow 1100mV 0C Model Recovery 'CPEN391_Computer:u0|CPEN391_Computer_ARM_A9_HPS:arm_a9_hps|CPEN391_Computer_ARM_A9_HPS_hps_io:hps_io|CPEN391_Computer_ARM_A9_HPS_hps_io_border:border|hps_sdram:hps_sdram_inst|hps_sdram_pll:pll|afi_clk_write_clk'
Slack : 3.468
TNS   : 0.000

Type  : Slow 1100mV 0C Model Recovery 'u0|system_pll|sys_pll|altera_pll_i|general[0].gpll~PLL_OUTPUT_COUNTER|divclk'
Slack : 10.181
TNS   : 0.000

Type  : Slow 1100mV 0C Model Recovery 'altera_reserved_tck'
Slack : 14.176
TNS   : 0.000

Type  : Slow 1100mV 0C Model Removal 'CPEN391_Computer:u0|CPEN391_Computer_ARM_A9_HPS:arm_a9_hps|CPEN391_Computer_ARM_A9_HPS_hps_io:hps_io|CPEN391_Computer_ARM_A9_HPS_hps_io_border:border|hps_sdram:hps_sdram_inst|hps_sdram_pll:pll|afi_clk_write_clk'
Slack : 0.460
TNS   : 0.000

Type  : Slow 1100mV 0C Model Removal 'altera_reserved_tck'
Slack : 0.521
TNS   : 0.000

Type  : Slow 1100mV 0C Model Removal 'u0|system_pll|sys_pll|altera_pll_i|general[0].gpll~PLL_OUTPUT_COUNTER|divclk'
Slack : 0.747
TNS   : 0.000

Type  : Slow 1100mV 0C Model Minimum Pulse Width 'CPEN391_Computer:u0|CPEN391_Computer_ARM_A9_HPS:arm_a9_hps|CPEN391_Computer_ARM_A9_HPS_hps_io:hps_io|CPEN391_Computer_ARM_A9_HPS_hps_io_border:border|hps_sdram:hps_sdram_inst|hps_sdram_pll:pll|pll_write_clk_dq_write_clk'
Slack : 0.613
TNS   : 0.000

Type  : Slow 1100mV 0C Model Minimum Pulse Width 'CPEN391_Computer:u0|CPEN391_Computer_ARM_A9_HPS:arm_a9_hps|CPEN391_Computer_ARM_A9_HPS_hps_io:hps_io|CPEN391_Computer_ARM_A9_HPS_hps_io_border:border|hps_sdram:hps_sdram_inst|hps_sdram_pll:pll|afi_clk_write_clk'
Slack : 0.630
TNS   : 0.000

Type  : Slow 1100mV 0C Model Minimum Pulse Width 'u0|system_pll|sys_pll|altera_pll_i|general[0].gpll~FRACTIONAL_PLL|vcoph[0]'
Slack : 1.000
TNS   : 0.000

Type  : Slow 1100mV 0C Model Minimum Pulse Width 'GraphicsController1|inst12|vga_clock_gen_inst|altera_pll_i|general[0].gpll~FRACTIONAL_PLL|vcoph[0]'
Slack : 1.666
TNS   : 0.000

Type  : Slow 1100mV 0C Model Minimum Pulse Width 'u0|system_pll|sys_pll|altera_pll_i|general[0].gpll~PLL_OUTPUT_COUNTER|divclk'
Slack : 8.762
TNS   : 0.000

Type  : Slow 1100mV 0C Model Minimum Pulse Width 'CLOCK_50'
Slack : 8.896
TNS   : 0.000

Type  : Slow 1100mV 0C Model Minimum Pulse Width 'u0|system_pll|sys_pll|altera_pll_i|general[1].gpll~PLL_OUTPUT_COUNTER|divclk'
Slack : 9.815
TNS   : 0.000

Type  : Slow 1100mV 0C Model Minimum Pulse Width 'altera_reserved_tck'
Slack : 15.468
TNS   : 0.000

Type  : Slow 1100mV 0C Model Minimum Pulse Width 'GraphicsController1|inst12|vga_clock_gen_inst|altera_pll_i|general[0].gpll~PLL_OUTPUT_COUNTER|divclk'
Slack : 15.840
TNS   : 0.000

Type  : Fast 1100mV 85C Model Setup 'clk_vga'
Slack : -8.432
TNS   : -205.514

Type  : Fast 1100mV 85C Model Setup 'CLOCK_50'
Slack : -0.518
TNS   : -2.563

Type  : Fast 1100mV 85C Model Setup 'clk_dram'
Slack : 1.526
TNS   : 0.000

Type  : Fast 1100mV 85C Model Setup 'CPEN391_Computer:u0|CPEN391_Computer_ARM_A9_HPS:arm_a9_hps|CPEN391_Computer_ARM_A9_HPS_hps_io:hps_io|CPEN391_Computer_ARM_A9_HPS_hps_io_border:border|hps_sdram:hps_sdram_inst|hps_sdram_pll:pll|afi_clk_write_clk'
Slack : 2.110
TNS   : 0.000

Type  : Fast 1100mV 85C Model Setup 'u0|system_pll|sys_pll|altera_pll_i|general[0].gpll~PLL_OUTPUT_COUNTER|divclk'
Slack : 9.763
TNS   : 0.000

Type  : Fast 1100mV 85C Model Setup 'altera_reserved_tck'
Slack : 12.820
TNS   : 0.000

Type  : Fast 1100mV 85C Model Setup 'GraphicsController1|inst12|vga_clock_gen_inst|altera_pll_i|general[0].gpll~PLL_OUTPUT_COUNTER|divclk'
Slack : 26.868
TNS   : 0.000

Type  : Fast 1100mV 85C Model Hold 'u0|system_pll|sys_pll|altera_pll_i|general[0].gpll~PLL_OUTPUT_COUNTER|divclk'
Slack : -1.644
TNS   : -25.266

Type  : Fast 1100mV 85C Model Hold 'altera_reserved_tck'
Slack : 0.080
TNS   : 0.000

Type  : Fast 1100mV 85C Model Hold 'CPEN391_Computer:u0|CPEN391_Computer_ARM_A9_HPS:arm_a9_hps|CPEN391_Computer_ARM_A9_HPS_hps_io:hps_io|CPEN391_Computer_ARM_A9_HPS_hps_io_border:border|hps_sdram:hps_sdram_inst|hps_sdram_pll:pll|afi_clk_write_clk'
Slack : 0.084
TNS   : 0.000

Type  : Fast 1100mV 85C Model Hold 'CLOCK_50'
Slack : 0.120
TNS   : 0.000

Type  : Fast 1100mV 85C Model Hold 'GraphicsController1|inst12|vga_clock_gen_inst|altera_pll_i|general[0].gpll~PLL_OUTPUT_COUNTER|divclk'
Slack : 0.184
TNS   : 0.000

Type  : Fast 1100mV 85C Model Hold 'clk_vga'
Slack : 4.614
TNS   : 0.000

Type  : Fast 1100mV 85C Model Hold 'clk_dram'
Slack : 5.084
TNS   : 0.000

Type  : Fast 1100mV 85C Model Recovery 'CPEN391_Computer:u0|CPEN391_Computer_ARM_A9_HPS:arm_a9_hps|CPEN391_Computer_ARM_A9_HPS_hps_io:hps_io|CPEN391_Computer_ARM_A9_HPS_hps_io_border:border|hps_sdram:hps_sdram_inst|hps_sdram_pll:pll|afi_clk_write_clk'
Slack : 3.727
TNS   : 0.000

Type  : Fast 1100mV 85C Model Recovery 'u0|system_pll|sys_pll|altera_pll_i|general[0].gpll~PLL_OUTPUT_COUNTER|divclk'
Slack : 13.931
TNS   : 0.000

Type  : Fast 1100mV 85C Model Recovery 'altera_reserved_tck'
Slack : 15.283
TNS   : 0.000

Type  : Fast 1100mV 85C Model Removal 'altera_reserved_tck'
Slack : 0.239
TNS   : 0.000

Type  : Fast 1100mV 85C Model Removal 'u0|system_pll|sys_pll|altera_pll_i|general[0].gpll~PLL_OUTPUT_COUNTER|divclk'
Slack : 0.460
TNS   : 0.000

Type  : Fast 1100mV 85C Model Removal 'CPEN391_Computer:u0|CPEN391_Computer_ARM_A9_HPS:arm_a9_hps|CPEN391_Computer_ARM_A9_HPS_hps_io:hps_io|CPEN391_Computer_ARM_A9_HPS_hps_io_border:border|hps_sdram:hps_sdram_inst|hps_sdram_pll:pll|afi_clk_write_clk'
Slack : 0.497
TNS   : 0.000

Type  : Fast 1100mV 85C Model Minimum Pulse Width 'CPEN391_Computer:u0|CPEN391_Computer_ARM_A9_HPS:arm_a9_hps|CPEN391_Computer_ARM_A9_HPS_hps_io:hps_io|CPEN391_Computer_ARM_A9_HPS_hps_io_border:border|hps_sdram:hps_sdram_inst|hps_sdram_pll:pll|pll_write_clk_dq_write_clk'
Slack : 0.883
TNS   : 0.000

Type  : Fast 1100mV 85C Model Minimum Pulse Width 'CPEN391_Computer:u0|CPEN391_Computer_ARM_A9_HPS:arm_a9_hps|CPEN391_Computer_ARM_A9_HPS_hps_io:hps_io|CPEN391_Computer_ARM_A9_HPS_hps_io_border:border|hps_sdram:hps_sdram_inst|hps_sdram_pll:pll|afi_clk_write_clk'
Slack : 0.891
TNS   : 0.000

Type  : Fast 1100mV 85C Model Minimum Pulse Width 'u0|system_pll|sys_pll|altera_pll_i|general[0].gpll~FRACTIONAL_PLL|vcoph[0]'
Slack : 1.000
TNS   : 0.000

Type  : Fast 1100mV 85C Model Minimum Pulse Width 'GraphicsController1|inst12|vga_clock_gen_inst|altera_pll_i|general[0].gpll~FRACTIONAL_PLL|vcoph[0]'
Slack : 1.666
TNS   : 0.000

Type  : Fast 1100mV 85C Model Minimum Pulse Width 'CLOCK_50'
Slack : 8.475
TNS   : 0.000

Type  : Fast 1100mV 85C Model Minimum Pulse Width 'u0|system_pll|sys_pll|altera_pll_i|general[0].gpll~PLL_OUTPUT_COUNTER|divclk'
Slack : 8.891
TNS   : 0.000

Type  : Fast 1100mV 85C Model Minimum Pulse Width 'u0|system_pll|sys_pll|altera_pll_i|general[1].gpll~PLL_OUTPUT_COUNTER|divclk'
Slack : 9.910
TNS   : 0.000

Type  : Fast 1100mV 85C Model Minimum Pulse Width 'altera_reserved_tck'
Slack : 15.391
TNS   : 0.000

Type  : Fast 1100mV 85C Model Minimum Pulse Width 'GraphicsController1|inst12|vga_clock_gen_inst|altera_pll_i|general[0].gpll~PLL_OUTPUT_COUNTER|divclk'
Slack : 16.206
TNS   : 0.000

Type  : Fast 1100mV 0C Model Setup 'clk_vga'
Slack : -7.949
TNS   : -193.395

Type  : Fast 1100mV 0C Model Setup 'CLOCK_50'
Slack : -0.240
TNS   : -0.807

Type  : Fast 1100mV 0C Model Setup 'clk_dram'
Slack : 1.875
TNS   : 0.000

Type  : Fast 1100mV 0C Model Setup 'CPEN391_Computer:u0|CPEN391_Computer_ARM_A9_HPS:arm_a9_hps|CPEN391_Computer_ARM_A9_HPS_hps_io:hps_io|CPEN391_Computer_ARM_A9_HPS_hps_io_border:border|hps_sdram:hps_sdram_inst|hps_sdram_pll:pll|afi_clk_write_clk'
Slack : 2.110
TNS   : 0.000

Type  : Fast 1100mV 0C Model Setup 'u0|system_pll|sys_pll|altera_pll_i|general[0].gpll~PLL_OUTPUT_COUNTER|divclk'
Slack : 10.218
TNS   : 0.000

Type  : Fast 1100mV 0C Model Setup 'altera_reserved_tck'
Slack : 13.380
TNS   : 0.000

Type  : Fast 1100mV 0C Model Setup 'GraphicsController1|inst12|vga_clock_gen_inst|altera_pll_i|general[0].gpll~PLL_OUTPUT_COUNTER|divclk'
Slack : 27.658
TNS   : 0.000

Type  : Fast 1100mV 0C Model Hold 'u0|system_pll|sys_pll|altera_pll_i|general[0].gpll~PLL_OUTPUT_COUNTER|divclk'
Slack : -2.095
TNS   : -32.481

Type  : Fast 1100mV 0C Model Hold 'altera_reserved_tck'
Slack : 0.062
TNS   : 0.000

Type  : Fast 1100mV 0C Model Hold 'CPEN391_Computer:u0|CPEN391_Computer_ARM_A9_HPS:arm_a9_hps|CPEN391_Computer_ARM_A9_HPS_hps_io:hps_io|CPEN391_Computer_ARM_A9_HPS_hps_io_border:border|hps_sdram:hps_sdram_inst|hps_sdram_pll:pll|afi_clk_write_clk'
Slack : 0.077
TNS   : 0.000

Type  : Fast 1100mV 0C Model Hold 'CLOCK_50'
Slack : 0.090
TNS   : 0.000

Type  : Fast 1100mV 0C Model Hold 'GraphicsController1|inst12|vga_clock_gen_inst|altera_pll_i|general[0].gpll~PLL_OUTPUT_COUNTER|divclk'
Slack : 0.177
TNS   : 0.000

Type  : Fast 1100mV 0C Model Hold 'clk_vga'
Slack : 4.290
TNS   : 0.000

Type  : Fast 1100mV 0C Model Hold 'clk_dram'
Slack : 4.767
TNS   : 0.000

Type  : Fast 1100mV 0C Model Recovery 'CPEN391_Computer:u0|CPEN391_Computer_ARM_A9_HPS:arm_a9_hps|CPEN391_Computer_ARM_A9_HPS_hps_io:hps_io|CPEN391_Computer_ARM_A9_HPS_hps_io_border:border|hps_sdram:hps_sdram_inst|hps_sdram_pll:pll|afi_clk_write_clk'
Slack : 3.825
TNS   : 0.000

Type  : Fast 1100mV 0C Model Recovery 'u0|system_pll|sys_pll|altera_pll_i|general[0].gpll~PLL_OUTPUT_COUNTER|divclk'
Slack : 14.300
TNS   : 0.000

Type  : Fast 1100mV 0C Model Recovery 'altera_reserved_tck'
Slack : 15.557
TNS   : 0.000

Type  : Fast 1100mV 0C Model Removal 'altera_reserved_tck'
Slack : 0.195
TNS   : 0.000

Type  : Fast 1100mV 0C Model Removal 'u0|system_pll|sys_pll|altera_pll_i|general[0].gpll~PLL_OUTPUT_COUNTER|divclk'
Slack : 0.414
TNS   : 0.000

Type  : Fast 1100mV 0C Model Removal 'CPEN391_Computer:u0|CPEN391_Computer_ARM_A9_HPS:arm_a9_hps|CPEN391_Computer_ARM_A9_HPS_hps_io:hps_io|CPEN391_Computer_ARM_A9_HPS_hps_io_border:border|hps_sdram:hps_sdram_inst|hps_sdram_pll:pll|afi_clk_write_clk'
Slack : 0.473
TNS   : 0.000

Type  : Fast 1100mV 0C Model Minimum Pulse Width 'CPEN391_Computer:u0|CPEN391_Computer_ARM_A9_HPS:arm_a9_hps|CPEN391_Computer_ARM_A9_HPS_hps_io:hps_io|CPEN391_Computer_ARM_A9_HPS_hps_io_border:border|hps_sdram:hps_sdram_inst|hps_sdram_pll:pll|pll_write_clk_dq_write_clk'
Slack : 0.887
TNS   : 0.000

Type  : Fast 1100mV 0C Model Minimum Pulse Width 'CPEN391_Computer:u0|CPEN391_Computer_ARM_A9_HPS:arm_a9_hps|CPEN391_Computer_ARM_A9_HPS_hps_io:hps_io|CPEN391_Computer_ARM_A9_HPS_hps_io_border:border|hps_sdram:hps_sdram_inst|hps_sdram_pll:pll|afi_clk_write_clk'
Slack : 0.894
TNS   : 0.000

Type  : Fast 1100mV 0C Model Minimum Pulse Width 'u0|system_pll|sys_pll|altera_pll_i|general[0].gpll~FRACTIONAL_PLL|vcoph[0]'
Slack : 1.000
TNS   : 0.000

Type  : Fast 1100mV 0C Model Minimum Pulse Width 'GraphicsController1|inst12|vga_clock_gen_inst|altera_pll_i|general[0].gpll~FRACTIONAL_PLL|vcoph[0]'
Slack : 1.666
TNS   : 0.000

Type  : Fast 1100mV 0C Model Minimum Pulse Width 'CLOCK_50'
Slack : 8.430
TNS   : 0.000

Type  : Fast 1100mV 0C Model Minimum Pulse Width 'u0|system_pll|sys_pll|altera_pll_i|general[0].gpll~PLL_OUTPUT_COUNTER|divclk'
Slack : 8.890
TNS   : 0.000

Type  : Fast 1100mV 0C Model Minimum Pulse Width 'u0|system_pll|sys_pll|altera_pll_i|general[1].gpll~PLL_OUTPUT_COUNTER|divclk'
Slack : 9.907
TNS   : 0.000

Type  : Fast 1100mV 0C Model Minimum Pulse Width 'altera_reserved_tck'
Slack : 15.394
TNS   : 0.000

Type  : Fast 1100mV 0C Model Minimum Pulse Width 'GraphicsController1|inst12|vga_clock_gen_inst|altera_pll_i|general[0].gpll~PLL_OUTPUT_COUNTER|divclk'
Slack : 16.199
TNS   : 0.000

------------------------------------------------------------
Info: see the "DDR report" for DDR timing results
------------------------------------------------------------
------------------------------------------------------------
