------------------------------------------------------------
TimeQuest Timing Analyzer Summary
------------------------------------------------------------

Type  : Slow 1100mV 85C Model Setup 'clk_dram'
Slack : -3.287
TNS   : -115.688

Type  : Slow 1100mV 85C Model Setup 'CPEN391_Computer:u0|CPEN391_Computer_ARM_A9_HPS:arm_a9_hps|CPEN391_Computer_ARM_A9_HPS_hps_io:hps_io|CPEN391_Computer_ARM_A9_HPS_hps_io_border:border|hps_sdram:hps_sdram_inst|hps_sdram_pll:pll|afi_clk_write_clk'
Slack : 1.730
TNS   : 0.000

Type  : Slow 1100mV 85C Model Setup 'u0|system_pll|sys_pll|altera_pll_i|general[0].gpll~PLL_OUTPUT_COUNTER|divclk'
Slack : 7.924
TNS   : 0.000

Type  : Slow 1100mV 85C Model Setup 'CLOCK_50'
Slack : 8.340
TNS   : 0.000

Type  : Slow 1100mV 85C Model Setup 'altera_reserved_tck'
Slack : 9.111
TNS   : 0.000

Type  : Slow 1100mV 85C Model Hold 'u0|system_pll|sys_pll|altera_pll_i|general[0].gpll~PLL_OUTPUT_COUNTER|divclk'
Slack : -3.683
TNS   : -57.110

Type  : Slow 1100mV 85C Model Hold 'CPEN391_Computer:u0|CPEN391_Computer_ARM_A9_HPS:arm_a9_hps|CPEN391_Computer_ARM_A9_HPS_hps_io:hps_io|CPEN391_Computer_ARM_A9_HPS_hps_io_border:border|hps_sdram:hps_sdram_inst|hps_sdram_pll:pll|afi_clk_write_clk'
Slack : 0.143
TNS   : 0.000

Type  : Slow 1100mV 85C Model Hold 'altera_reserved_tck'
Slack : 0.253
TNS   : 0.000

Type  : Slow 1100mV 85C Model Hold 'CLOCK_50'
Slack : 0.269
TNS   : 0.000

Type  : Slow 1100mV 85C Model Hold 'clk_dram'
Slack : 9.042
TNS   : 0.000

Type  : Slow 1100mV 85C Model Recovery 'CPEN391_Computer:u0|CPEN391_Computer_ARM_A9_HPS:arm_a9_hps|CPEN391_Computer_ARM_A9_HPS_hps_io:hps_io|CPEN391_Computer_ARM_A9_HPS_hps_io_border:border|hps_sdram:hps_sdram_inst|hps_sdram_pll:pll|afi_clk_write_clk'
Slack : 3.375
TNS   : 0.000

Type  : Slow 1100mV 85C Model Recovery 'u0|system_pll|sys_pll|altera_pll_i|general[0].gpll~PLL_OUTPUT_COUNTER|divclk'
Slack : 10.023
TNS   : 0.000

Type  : Slow 1100mV 85C Model Recovery 'altera_reserved_tck'
Slack : 14.006
TNS   : 0.000

Type  : Slow 1100mV 85C Model Removal 'CPEN391_Computer:u0|CPEN391_Computer_ARM_A9_HPS:arm_a9_hps|CPEN391_Computer_ARM_A9_HPS_hps_io:hps_io|CPEN391_Computer_ARM_A9_HPS_hps_io_border:border|hps_sdram:hps_sdram_inst|hps_sdram_pll:pll|afi_clk_write_clk'
Slack : 0.470
TNS   : 0.000

Type  : Slow 1100mV 85C Model Removal 'u0|system_pll|sys_pll|altera_pll_i|general[0].gpll~PLL_OUTPUT_COUNTER|divclk'
Slack : 0.549
TNS   : 0.000

Type  : Slow 1100mV 85C Model Removal 'altera_reserved_tck'
Slack : 0.706
TNS   : 0.000

Type  : Slow 1100mV 85C Model Minimum Pulse Width 'CPEN391_Computer:u0|CPEN391_Computer_ARM_A9_HPS:arm_a9_hps|CPEN391_Computer_ARM_A9_HPS_hps_io:hps_io|CPEN391_Computer_ARM_A9_HPS_hps_io_border:border|hps_sdram:hps_sdram_inst|hps_sdram_pll:pll|pll_write_clk_dq_write_clk'
Slack : 0.608
TNS   : 0.000

Type  : Slow 1100mV 85C Model Minimum Pulse Width 'CPEN391_Computer:u0|CPEN391_Computer_ARM_A9_HPS:arm_a9_hps|CPEN391_Computer_ARM_A9_HPS_hps_io:hps_io|CPEN391_Computer_ARM_A9_HPS_hps_io_border:border|hps_sdram:hps_sdram_inst|hps_sdram_pll:pll|afi_clk_write_clk'
Slack : 0.623
TNS   : 0.000

Type  : Slow 1100mV 85C Model Minimum Pulse Width 'u0|system_pll|sys_pll|altera_pll_i|general[0].gpll~FRACTIONAL_PLL|vcoph[0]'
Slack : 1.000
TNS   : 0.000

Type  : Slow 1100mV 85C Model Minimum Pulse Width 'u0|system_pll|sys_pll|altera_pll_i|general[0].gpll~PLL_OUTPUT_COUNTER|divclk'
Slack : 8.776
TNS   : 0.000

Type  : Slow 1100mV 85C Model Minimum Pulse Width 'CLOCK_50'
Slack : 8.961
TNS   : 0.000

Type  : Slow 1100mV 85C Model Minimum Pulse Width 'u0|system_pll|sys_pll|altera_pll_i|general[1].gpll~PLL_OUTPUT_COUNTER|divclk'
Slack : 9.851
TNS   : 0.000

Type  : Slow 1100mV 85C Model Minimum Pulse Width 'altera_reserved_tck'
Slack : 15.484
TNS   : 0.000

Type  : Slow 1100mV 0C Model Setup 'clk_dram'
Slack : -3.044
TNS   : -106.939

Type  : Slow 1100mV 0C Model Setup 'CPEN391_Computer:u0|CPEN391_Computer_ARM_A9_HPS:arm_a9_hps|CPEN391_Computer_ARM_A9_HPS_hps_io:hps_io|CPEN391_Computer_ARM_A9_HPS_hps_io_border:border|hps_sdram:hps_sdram_inst|hps_sdram_pll:pll|afi_clk_write_clk'
Slack : 1.727
TNS   : 0.000

Type  : Slow 1100mV 0C Model Setup 'u0|system_pll|sys_pll|altera_pll_i|general[0].gpll~PLL_OUTPUT_COUNTER|divclk'
Slack : 8.211
TNS   : 0.000

Type  : Slow 1100mV 0C Model Setup 'CLOCK_50'
Slack : 8.688
TNS   : 0.000

Type  : Slow 1100mV 0C Model Setup 'altera_reserved_tck'
Slack : 9.283
TNS   : 0.000

Type  : Slow 1100mV 0C Model Hold 'u0|system_pll|sys_pll|altera_pll_i|general[0].gpll~PLL_OUTPUT_COUNTER|divclk'
Slack : -3.979
TNS   : -61.946

Type  : Slow 1100mV 0C Model Hold 'CPEN391_Computer:u0|CPEN391_Computer_ARM_A9_HPS:arm_a9_hps|CPEN391_Computer_ARM_A9_HPS_hps_io:hps_io|CPEN391_Computer_ARM_A9_HPS_hps_io_border:border|hps_sdram:hps_sdram_inst|hps_sdram_pll:pll|afi_clk_write_clk'
Slack : 0.162
TNS   : 0.000

Type  : Slow 1100mV 0C Model Hold 'altera_reserved_tck'
Slack : 0.232
TNS   : 0.000

Type  : Slow 1100mV 0C Model Hold 'CLOCK_50'
Slack : 0.244
TNS   : 0.000

Type  : Slow 1100mV 0C Model Hold 'clk_dram'
Slack : 8.896
TNS   : 0.000

Type  : Slow 1100mV 0C Model Recovery 'CPEN391_Computer:u0|CPEN391_Computer_ARM_A9_HPS:arm_a9_hps|CPEN391_Computer_ARM_A9_HPS_hps_io:hps_io|CPEN391_Computer_ARM_A9_HPS_hps_io_border:border|hps_sdram:hps_sdram_inst|hps_sdram_pll:pll|afi_clk_write_clk'
Slack : 3.468
TNS   : 0.000

Type  : Slow 1100mV 0C Model Recovery 'u0|system_pll|sys_pll|altera_pll_i|general[0].gpll~PLL_OUTPUT_COUNTER|divclk'
Slack : 10.318
TNS   : 0.000

Type  : Slow 1100mV 0C Model Recovery 'altera_reserved_tck'
Slack : 14.112
TNS   : 0.000

Type  : Slow 1100mV 0C Model Removal 'CPEN391_Computer:u0|CPEN391_Computer_ARM_A9_HPS:arm_a9_hps|CPEN391_Computer_ARM_A9_HPS_hps_io:hps_io|CPEN391_Computer_ARM_A9_HPS_hps_io_border:border|hps_sdram:hps_sdram_inst|hps_sdram_pll:pll|afi_clk_write_clk'
Slack : 0.460
TNS   : 0.000

Type  : Slow 1100mV 0C Model Removal 'u0|system_pll|sys_pll|altera_pll_i|general[0].gpll~PLL_OUTPUT_COUNTER|divclk'
Slack : 0.508
TNS   : 0.000

Type  : Slow 1100mV 0C Model Removal 'altera_reserved_tck'
Slack : 0.660
TNS   : 0.000

Type  : Slow 1100mV 0C Model Minimum Pulse Width 'CPEN391_Computer:u0|CPEN391_Computer_ARM_A9_HPS:arm_a9_hps|CPEN391_Computer_ARM_A9_HPS_hps_io:hps_io|CPEN391_Computer_ARM_A9_HPS_hps_io_border:border|hps_sdram:hps_sdram_inst|hps_sdram_pll:pll|pll_write_clk_dq_write_clk'
Slack : 0.613
TNS   : 0.000

Type  : Slow 1100mV 0C Model Minimum Pulse Width 'CPEN391_Computer:u0|CPEN391_Computer_ARM_A9_HPS:arm_a9_hps|CPEN391_Computer_ARM_A9_HPS_hps_io:hps_io|CPEN391_Computer_ARM_A9_HPS_hps_io_border:border|hps_sdram:hps_sdram_inst|hps_sdram_pll:pll|afi_clk_write_clk'
Slack : 0.630
TNS   : 0.000

Type  : Slow 1100mV 0C Model Minimum Pulse Width 'u0|system_pll|sys_pll|altera_pll_i|general[0].gpll~FRACTIONAL_PLL|vcoph[0]'
Slack : 1.000
TNS   : 0.000

Type  : Slow 1100mV 0C Model Minimum Pulse Width 'u0|system_pll|sys_pll|altera_pll_i|general[0].gpll~PLL_OUTPUT_COUNTER|divclk'
Slack : 8.753
TNS   : 0.000

Type  : Slow 1100mV 0C Model Minimum Pulse Width 'CLOCK_50'
Slack : 8.994
TNS   : 0.000

Type  : Slow 1100mV 0C Model Minimum Pulse Width 'u0|system_pll|sys_pll|altera_pll_i|general[1].gpll~PLL_OUTPUT_COUNTER|divclk'
Slack : 9.818
TNS   : 0.000

Type  : Slow 1100mV 0C Model Minimum Pulse Width 'altera_reserved_tck'
Slack : 15.473
TNS   : 0.000

Type  : Fast 1100mV 85C Model Setup 'clk_dram'
Slack : 1.532
TNS   : 0.000

Type  : Fast 1100mV 85C Model Setup 'CPEN391_Computer:u0|CPEN391_Computer_ARM_A9_HPS:arm_a9_hps|CPEN391_Computer_ARM_A9_HPS_hps_io:hps_io|CPEN391_Computer_ARM_A9_HPS_hps_io_border:border|hps_sdram:hps_sdram_inst|hps_sdram_pll:pll|afi_clk_write_clk'
Slack : 2.110
TNS   : 0.000

Type  : Fast 1100mV 85C Model Setup 'u0|system_pll|sys_pll|altera_pll_i|general[0].gpll~PLL_OUTPUT_COUNTER|divclk'
Slack : 9.751
TNS   : 0.000

Type  : Fast 1100mV 85C Model Setup 'altera_reserved_tck'
Slack : 12.222
TNS   : 0.000

Type  : Fast 1100mV 85C Model Setup 'CLOCK_50'
Slack : 12.540
TNS   : 0.000

Type  : Fast 1100mV 85C Model Hold 'u0|system_pll|sys_pll|altera_pll_i|general[0].gpll~PLL_OUTPUT_COUNTER|divclk'
Slack : -1.650
TNS   : -25.225

Type  : Fast 1100mV 85C Model Hold 'altera_reserved_tck'
Slack : 0.083
TNS   : 0.000

Type  : Fast 1100mV 85C Model Hold 'CPEN391_Computer:u0|CPEN391_Computer_ARM_A9_HPS:arm_a9_hps|CPEN391_Computer_ARM_A9_HPS_hps_io:hps_io|CPEN391_Computer_ARM_A9_HPS_hps_io_border:border|hps_sdram:hps_sdram_inst|hps_sdram_pll:pll|afi_clk_write_clk'
Slack : 0.084
TNS   : 0.000

Type  : Fast 1100mV 85C Model Hold 'CLOCK_50'
Slack : 0.170
TNS   : 0.000

Type  : Fast 1100mV 85C Model Hold 'clk_dram'
Slack : 5.080
TNS   : 0.000

Type  : Fast 1100mV 85C Model Recovery 'CPEN391_Computer:u0|CPEN391_Computer_ARM_A9_HPS:arm_a9_hps|CPEN391_Computer_ARM_A9_HPS_hps_io:hps_io|CPEN391_Computer_ARM_A9_HPS_hps_io_border:border|hps_sdram:hps_sdram_inst|hps_sdram_pll:pll|afi_clk_write_clk'
Slack : 3.727
TNS   : 0.000

Type  : Fast 1100mV 85C Model Recovery 'u0|system_pll|sys_pll|altera_pll_i|general[0].gpll~PLL_OUTPUT_COUNTER|divclk'
Slack : 13.908
TNS   : 0.000

Type  : Fast 1100mV 85C Model Recovery 'altera_reserved_tck'
Slack : 15.283
TNS   : 0.000

Type  : Fast 1100mV 85C Model Removal 'u0|system_pll|sys_pll|altera_pll_i|general[0].gpll~PLL_OUTPUT_COUNTER|divclk'
Slack : 0.287
TNS   : 0.000

Type  : Fast 1100mV 85C Model Removal 'altera_reserved_tck'
Slack : 0.329
TNS   : 0.000

Type  : Fast 1100mV 85C Model Removal 'CPEN391_Computer:u0|CPEN391_Computer_ARM_A9_HPS:arm_a9_hps|CPEN391_Computer_ARM_A9_HPS_hps_io:hps_io|CPEN391_Computer_ARM_A9_HPS_hps_io_border:border|hps_sdram:hps_sdram_inst|hps_sdram_pll:pll|afi_clk_write_clk'
Slack : 0.497
TNS   : 0.000

Type  : Fast 1100mV 85C Model Minimum Pulse Width 'CPEN391_Computer:u0|CPEN391_Computer_ARM_A9_HPS:arm_a9_hps|CPEN391_Computer_ARM_A9_HPS_hps_io:hps_io|CPEN391_Computer_ARM_A9_HPS_hps_io_border:border|hps_sdram:hps_sdram_inst|hps_sdram_pll:pll|pll_write_clk_dq_write_clk'
Slack : 0.883
TNS   : 0.000

Type  : Fast 1100mV 85C Model Minimum Pulse Width 'CPEN391_Computer:u0|CPEN391_Computer_ARM_A9_HPS:arm_a9_hps|CPEN391_Computer_ARM_A9_HPS_hps_io:hps_io|CPEN391_Computer_ARM_A9_HPS_hps_io_border:border|hps_sdram:hps_sdram_inst|hps_sdram_pll:pll|afi_clk_write_clk'
Slack : 0.891
TNS   : 0.000

Type  : Fast 1100mV 85C Model Minimum Pulse Width 'u0|system_pll|sys_pll|altera_pll_i|general[0].gpll~FRACTIONAL_PLL|vcoph[0]'
Slack : 1.000
TNS   : 0.000

Type  : Fast 1100mV 85C Model Minimum Pulse Width 'CLOCK_50'
Slack : 8.528
TNS   : 0.000

Type  : Fast 1100mV 85C Model Minimum Pulse Width 'u0|system_pll|sys_pll|altera_pll_i|general[0].gpll~PLL_OUTPUT_COUNTER|divclk'
Slack : 8.888
TNS   : 0.000

Type  : Fast 1100mV 85C Model Minimum Pulse Width 'u0|system_pll|sys_pll|altera_pll_i|general[1].gpll~PLL_OUTPUT_COUNTER|divclk'
Slack : 9.909
TNS   : 0.000

Type  : Fast 1100mV 85C Model Minimum Pulse Width 'altera_reserved_tck'
Slack : 15.391
TNS   : 0.000

Type  : Fast 1100mV 0C Model Setup 'clk_dram'
Slack : 1.883
TNS   : 0.000

Type  : Fast 1100mV 0C Model Setup 'CPEN391_Computer:u0|CPEN391_Computer_ARM_A9_HPS:arm_a9_hps|CPEN391_Computer_ARM_A9_HPS_hps_io:hps_io|CPEN391_Computer_ARM_A9_HPS_hps_io_border:border|hps_sdram:hps_sdram_inst|hps_sdram_pll:pll|afi_clk_write_clk'
Slack : 2.110
TNS   : 0.000

Type  : Fast 1100mV 0C Model Setup 'u0|system_pll|sys_pll|altera_pll_i|general[0].gpll~PLL_OUTPUT_COUNTER|divclk'
Slack : 10.208
TNS   : 0.000

Type  : Fast 1100mV 0C Model Setup 'altera_reserved_tck'
Slack : 12.788
TNS   : 0.000

Type  : Fast 1100mV 0C Model Setup 'CLOCK_50'
Slack : 13.191
TNS   : 0.000

Type  : Fast 1100mV 0C Model Hold 'u0|system_pll|sys_pll|altera_pll_i|general[0].gpll~PLL_OUTPUT_COUNTER|divclk'
Slack : -2.095
TNS   : -32.439

Type  : Fast 1100mV 0C Model Hold 'altera_reserved_tck'
Slack : 0.064
TNS   : 0.000

Type  : Fast 1100mV 0C Model Hold 'CPEN391_Computer:u0|CPEN391_Computer_ARM_A9_HPS:arm_a9_hps|CPEN391_Computer_ARM_A9_HPS_hps_io:hps_io|CPEN391_Computer_ARM_A9_HPS_hps_io_border:border|hps_sdram:hps_sdram_inst|hps_sdram_pll:pll|afi_clk_write_clk'
Slack : 0.077
TNS   : 0.000

Type  : Fast 1100mV 0C Model Hold 'CLOCK_50'
Slack : 0.154
TNS   : 0.000

Type  : Fast 1100mV 0C Model Hold 'clk_dram'
Slack : 4.777
TNS   : 0.000

Type  : Fast 1100mV 0C Model Recovery 'CPEN391_Computer:u0|CPEN391_Computer_ARM_A9_HPS:arm_a9_hps|CPEN391_Computer_ARM_A9_HPS_hps_io:hps_io|CPEN391_Computer_ARM_A9_HPS_hps_io_border:border|hps_sdram:hps_sdram_inst|hps_sdram_pll:pll|afi_clk_write_clk'
Slack : 3.825
TNS   : 0.000

Type  : Fast 1100mV 0C Model Recovery 'u0|system_pll|sys_pll|altera_pll_i|general[0].gpll~PLL_OUTPUT_COUNTER|divclk'
Slack : 14.299
TNS   : 0.000

Type  : Fast 1100mV 0C Model Recovery 'altera_reserved_tck'
Slack : 15.567
TNS   : 0.000

Type  : Fast 1100mV 0C Model Removal 'u0|system_pll|sys_pll|altera_pll_i|general[0].gpll~PLL_OUTPUT_COUNTER|divclk'
Slack : 0.262
TNS   : 0.000

Type  : Fast 1100mV 0C Model Removal 'altera_reserved_tck'
Slack : 0.290
TNS   : 0.000

Type  : Fast 1100mV 0C Model Removal 'CPEN391_Computer:u0|CPEN391_Computer_ARM_A9_HPS:arm_a9_hps|CPEN391_Computer_ARM_A9_HPS_hps_io:hps_io|CPEN391_Computer_ARM_A9_HPS_hps_io_border:border|hps_sdram:hps_sdram_inst|hps_sdram_pll:pll|afi_clk_write_clk'
Slack : 0.473
TNS   : 0.000

Type  : Fast 1100mV 0C Model Minimum Pulse Width 'CPEN391_Computer:u0|CPEN391_Computer_ARM_A9_HPS:arm_a9_hps|CPEN391_Computer_ARM_A9_HPS_hps_io:hps_io|CPEN391_Computer_ARM_A9_HPS_hps_io_border:border|hps_sdram:hps_sdram_inst|hps_sdram_pll:pll|pll_write_clk_dq_write_clk'
Slack : 0.887
TNS   : 0.000

Type  : Fast 1100mV 0C Model Minimum Pulse Width 'CPEN391_Computer:u0|CPEN391_Computer_ARM_A9_HPS:arm_a9_hps|CPEN391_Computer_ARM_A9_HPS_hps_io:hps_io|CPEN391_Computer_ARM_A9_HPS_hps_io_border:border|hps_sdram:hps_sdram_inst|hps_sdram_pll:pll|afi_clk_write_clk'
Slack : 0.894
TNS   : 0.000

Type  : Fast 1100mV 0C Model Minimum Pulse Width 'u0|system_pll|sys_pll|altera_pll_i|general[0].gpll~FRACTIONAL_PLL|vcoph[0]'
Slack : 1.000
TNS   : 0.000

Type  : Fast 1100mV 0C Model Minimum Pulse Width 'CLOCK_50'
Slack : 8.480
TNS   : 0.000

Type  : Fast 1100mV 0C Model Minimum Pulse Width 'u0|system_pll|sys_pll|altera_pll_i|general[0].gpll~PLL_OUTPUT_COUNTER|divclk'
Slack : 8.888
TNS   : 0.000

Type  : Fast 1100mV 0C Model Minimum Pulse Width 'u0|system_pll|sys_pll|altera_pll_i|general[1].gpll~PLL_OUTPUT_COUNTER|divclk'
Slack : 9.906
TNS   : 0.000

Type  : Fast 1100mV 0C Model Minimum Pulse Width 'altera_reserved_tck'
Slack : 15.393
TNS   : 0.000

------------------------------------------------------------
Info: see the "DDR report" for DDR timing results
------------------------------------------------------------
------------------------------------------------------------
